// Jest Snapshot v1, https://goo.gl/fbAQLP

exports[`Pruebas en <Sidebar /> Debe mostrarse correctamente 1`] = `
<aside
  className="journal__sidebar"
>
  <div
    className="journal__sidebar-navbar mt-3"
  >
    <h3>
      <i
        className="far fa-user-circle fs-2"
      />
      <span
        className="fs-2"
      >
         
        name
         
      </span>
    </h3>
    <button
      className="btn btn-logout"
      onClick={[Function]}
    >
      Logout 
      <i
        className="fas fa-sign-out-alt fs-1"
      />
    </button>
  </div>
  <div
    className="journal__new-entry"
  >
    <i
      className="far fa-calendar-plus fa-5x"
      onClick={[Function]}
    />
    <p
      className="mt-5"
    >
      New entry
    </p>
  </div>
  <div
    className="journal__entries  animate__animated animate__fadeInLeft animate__slow"
  />
</aside>
`;
